// Jest Snapshot v1, https://goo.gl/fbAQLP

exports[`Pruebas gifGridItem should  1`] = `
<div>
  <div
    class="card"
  >
    <img
      alt="Test"
      src="https://loquesea.api/"
    />
    <p>
      Test
    </p>
  </div>
</div>
`;
